[2025-12-05 12:10:48] [INFO] - Loading invoices and line items from SQLite database...
[2025-12-05 12:10:48] [INFO] - Loaded 378 rows from database.
[2025-12-05 12:10:48] [INFO] - Cleaning NaN values...
[2025-12-05 12:10:48] [INFO] - Computing corrected total_amount per invoice...
[2025-12-05 12:10:48] [INFO] - Identifying invoices with incorrect totals...
[2025-12-05 12:10:48] [INFO] - Found 40 incorrect invoices.
[2025-12-05 12:10:48] [INFO] - Correcting totals for 24 invoices (60%).
[2025-12-05 12:10:48] [INFO] - Applying corrected totals to selected invoices...
[2025-12-05 12:10:48] [INFO] - Assigning invoice-level labels...
[2025-12-05 12:10:48] [INFO] - Labels assigned successfully.
[2025-12-05 12:10:48] [INFO] - Training dataset saved to data/db/df_training_corrected.csv
[2025-12-05 12:10:48] [INFO] - ✔ Data preparation completed successfully.
[2025-12-05 12:38:31] [INFO] - Loading invoices and line items from SQLite...
[2025-12-05 12:38:31] [INFO] - Loaded 378 rows.
[2025-12-05 12:38:31] [INFO] - Cleaning NaN values...
[2025-12-05 12:38:31] [INFO] - Computing corrected_total_amount...
[2025-12-05 12:38:31] [INFO] - Identifying invoices with incorrect totals...
[2025-12-05 12:38:31] [INFO] - Found 40 incorrect invoices.
[2025-12-05 12:38:35] [INFO] - Correcting 24 invoices (60%).
[2025-12-05 12:38:37] [INFO] - Applying corrected totals...
[2025-12-05 12:38:37] [INFO] - Calculating financial saving/loss per invoice...
[2025-12-05 12:38:37] [INFO] - Total Financial Loss Across Dataset: 926.00
[2025-12-05 12:38:37] [INFO] - Average Loss Per Wrong Invoice: 18.16
[2025-12-05 12:38:37] [INFO] - Assigning invoice-level labels...
[2025-12-05 12:38:37] [INFO] - Saved final training dataset to data/db/df_training_corrected.csv
[2025-12-05 12:38:40] [INFO] - Data preparation completed successfully.
[2025-12-05 14:59:57] [INFO] - Loading invoices and line items from SQLite...
[2025-12-05 14:59:57] [INFO] - Loaded 567 rows.
[2025-12-05 14:59:57] [INFO] - Cleaning NaN values...
[2025-12-05 14:59:57] [INFO] - Computing corrected_total_amount...
[2025-12-05 14:59:57] [INFO] - Identifying invoices with incorrect totals...
[2025-12-05 14:59:57] [INFO] - Found 40 incorrect invoices.
[2025-12-05 14:59:57] [INFO] - Correcting 24 invoices (60%).
[2025-12-05 14:59:57] [INFO] - Applying corrected totals...
[2025-12-05 14:59:57] [INFO] - Calculating financial saving/loss per invoice...
[2025-12-05 14:59:57] [INFO] - Total Financial Loss Across Dataset: 926.00
[2025-12-05 14:59:57] [INFO] - Average Loss Per Wrong Invoice: 18.16
[2025-12-05 14:59:57] [INFO] - Assigning invoice-level labels...
[2025-12-05 14:59:57] [INFO] - Saved final training dataset to data/db/df_training_corrected.csv
[2025-12-05 14:59:57] [INFO] - Data preparation completed successfully.
[2025-12-05 15:20:35] [INFO] - Loading invoices and line items from SQLite...
[2025-12-05 15:20:35] [INFO] - Loaded 756 rows.
[2025-12-05 15:20:35] [INFO] - Cleaning NaN values...
[2025-12-05 15:20:35] [INFO] - Computing corrected_total_amount...
[2025-12-05 15:20:35] [INFO] - Identifying invoices with incorrect totals...
[2025-12-05 15:20:35] [INFO] - Found 40 incorrect invoices.
[2025-12-05 15:20:37] [INFO] - Correcting 24 invoices (60%).
[2025-12-05 15:20:39] [INFO] - Applying corrected totals...
[2025-12-05 15:20:39] [INFO] - Calculating financial saving/loss per invoice...
[2025-12-05 15:20:39] [INFO] - Total Financial Loss Across Dataset: 926.00
[2025-12-05 15:20:39] [INFO] - Average Loss Per Wrong Invoice: 18.16
[2025-12-05 15:20:39] [INFO] - Assigning invoice-level labels...
[2025-12-05 15:20:39] [INFO] - Saved final training dataset to data/db/df_training_corrected.csv
[2025-12-05 15:20:40] [INFO] - Data preparation completed successfully.
[2025-12-05 15:20:54] [INFO] - Loading invoices and line items from SQLite...
[2025-12-05 15:20:54] [INFO] - Loaded 756 rows.
[2025-12-05 15:20:54] [INFO] - Cleaning NaN values...
[2025-12-05 15:20:54] [INFO] - Computing corrected_total_amount...
[2025-12-05 15:20:54] [INFO] - Identifying invoices with incorrect totals...
[2025-12-05 15:20:54] [INFO] - Found 40 incorrect invoices.
[2025-12-05 15:20:56] [INFO] - Correcting 24 invoices (60%).
[2025-12-05 15:20:57] [INFO] - Applying corrected totals...
[2025-12-05 15:20:57] [INFO] - Calculating financial saving/loss per invoice...
[2025-12-05 15:20:57] [INFO] - Total Financial Loss Across Dataset: 926.00
[2025-12-05 15:20:57] [INFO] - Average Loss Per Wrong Invoice: 18.16
[2025-12-05 15:20:57] [INFO] - Assigning invoice-level labels...
[2025-12-05 15:20:57] [INFO] - Saved final training dataset to data/db/df_training_corrected.csv
[2025-12-05 15:21:42] [INFO] - Data preparation completed successfully.
[2025-12-05 15:32:21] [INFO] - Loading invoices and line items from SQLite...
[2025-12-05 15:32:47] [INFO] - Loaded 945 rows.
[2025-12-05 15:32:48] [INFO] - Cleaning NaN values...
[2025-12-05 15:32:50] [INFO] - Computing corrected_total_amount...
[2025-12-05 15:32:52] [INFO] - Identifying invoices with incorrect totals...
[2025-12-05 15:32:59] [INFO] - Found 40 incorrect invoices.
[2025-12-05 15:33:01] [INFO] - Correcting 24 invoices (60%).
[2025-12-05 15:33:03] [INFO] - Applying corrected totals...
[2025-12-05 15:33:24] [INFO] - Calculating financial saving/loss per invoice...
[2025-12-05 15:33:37] [INFO] - Total Financial Loss Across Dataset: 926.00
[2025-12-05 15:33:37] [INFO] - Average Loss Per Wrong Invoice: 18.16
[2025-12-05 15:33:37] [INFO] - Assigning invoice-level labels...
[2025-12-05 15:33:54] [INFO] - Saved final training dataset to data/db/df_training_corrected.csv
[2025-12-05 15:33:55] [INFO] - Data preparation completed successfully.
[2025-12-06 10:47:21] [INFO] - Loading invoices and line items from SQLite...
[2025-12-06 10:47:22] [INFO] - Loaded 1,134 rows.
[2025-12-06 10:47:22] [INFO] - Cleaning NaN values...
[2025-12-06 10:47:22] [INFO] - Computing corrected_total_amount...
[2025-12-06 10:47:22] [INFO] - Identifying invoices with incorrect totals...
[2025-12-06 10:47:22] [INFO] - Found 40 incorrect invoices.
[2025-12-06 10:47:26] [INFO] - Correcting 24 invoices (60%).
[2025-12-06 10:47:26] [INFO] - Applying corrected totals...
[2025-12-06 10:47:26] [INFO] - Calculating financial saving/loss per invoice...
[2025-12-06 10:47:26] [INFO] - Total Financial Loss Across Dataset: 926.00
[2025-12-06 10:47:26] [INFO] - Average Loss Per Wrong Invoice: 18.16
[2025-12-06 10:47:26] [INFO] - Assigning invoice-level labels...
[2025-12-06 10:47:28] [INFO] - Saved final training dataset to data/db/df_training_corrected.csv
[2025-12-06 10:47:29] [INFO] - Data preparation completed successfully.
