[2025-12-05 14:59:46] [INFO] - 🚀 Starting database build process...
[2025-12-05 14:59:46] [INFO] - Connecting to SQLite database → data/db/invoices_data.db
[2025-12-05 14:59:46] [INFO] - Database connection established.
[2025-12-05 14:59:46] [INFO] - Creating tables (if not exist)...
[2025-12-05 14:59:46] [INFO] - All tables created or already exist.
[2025-12-05 14:59:46] [INFO] - Loading CSV data → data/db/df_invoices_cleaned.csv
[2025-12-05 14:59:46] [INFO] - Loaded 189 rows from CSV.
[2025-12-05 14:59:46] [INFO] - Inserting vendor records...
[2025-12-05 14:59:46] [INFO] - Inserted 26 unique vendors.
[2025-12-05 14:59:46] [INFO] - Inserting customer records...
[2025-12-05 14:59:46] [INFO] - Inserted 52 unique customers.
[2025-12-05 14:59:46] [INFO] - Inserting invoices...
[2025-12-05 14:59:46] [INFO] - Inserted 51 invoices.
[2025-12-05 14:59:46] [INFO] - Inserting line items...
[2025-12-05 14:59:46] [INFO] - Inserted 189 line items.
[2025-12-05 14:59:46] [INFO] - All data committed to database.
[2025-12-05 14:59:46] [INFO] - Database successfully built → data/db/invoices_data.db
[2025-12-05 14:59:46] [INFO] - Data loading process completed.
[2025-12-05 15:19:53] [INFO] - 🚀 Starting database build process...
[2025-12-05 15:19:53] [INFO] - Connecting to SQLite database → data/db/invoices_data.db
[2025-12-05 15:19:53] [INFO] - Database connection established.
[2025-12-05 15:19:53] [INFO] - Creating tables (if not exist)...
[2025-12-05 15:19:53] [INFO] - All tables created or already exist.
[2025-12-05 15:19:53] [INFO] - Loading CSV data → data/db/df_invoices_cleaned.csv
[2025-12-05 15:19:53] [INFO] - Loaded 189 rows from CSV.
[2025-12-05 15:19:53] [INFO] - Inserting vendor records...
[2025-12-05 15:19:53] [INFO] - Inserted 26 unique vendors.
[2025-12-05 15:19:53] [INFO] - Inserting customer records...
[2025-12-05 15:19:53] [INFO] - Inserted 52 unique customers.
[2025-12-05 15:19:53] [INFO] - Inserting invoices...
[2025-12-05 15:20:02] [INFO] - Inserted 51 invoices.
[2025-12-05 15:20:02] [INFO] - Inserting line items...
[2025-12-05 15:20:02] [INFO] - Inserted 189 line items.
[2025-12-05 15:20:02] [INFO] - All data committed to database.
[2025-12-05 15:20:02] [INFO] - Database successfully built → data/db/invoices_data.db
[2025-12-05 15:20:02] [INFO] - Data loading process completed.
[2025-12-05 15:29:44] [INFO] - 🚀 Starting database build process...
[2025-12-05 15:29:44] [INFO] - Connecting to SQLite database → data/db/invoices_data.db
[2025-12-05 15:29:44] [INFO] - Database connection established.
[2025-12-05 15:29:44] [INFO] - Creating tables (if not exist)...
[2025-12-05 15:29:44] [INFO] - All tables created or already exist.
[2025-12-05 15:29:44] [INFO] - Loading CSV data → data/db/df_invoices_cleaned.csv
[2025-12-05 15:29:47] [INFO] - Loaded 189 rows from CSV.
[2025-12-05 15:30:22] [INFO] - Inserting vendor records...
[2025-12-05 15:30:22] [INFO] - Inserted 26 unique vendors.
[2025-12-05 15:30:22] [INFO] - Inserting customer records...
[2025-12-05 15:30:22] [INFO] - Inserted 52 unique customers.
[2025-12-05 15:30:22] [INFO] - Inserting invoices...
[2025-12-05 15:30:22] [INFO] - Inserted 51 invoices.
[2025-12-05 15:30:22] [INFO] - Inserting line items...
[2025-12-05 15:30:22] [INFO] - Inserted 189 line items.
[2025-12-05 15:30:22] [INFO] - All data committed to database.
[2025-12-05 15:30:22] [INFO] - Database successfully built → data/db/invoices_data.db
[2025-12-05 15:30:22] [INFO] - Data loading process completed.
[2025-12-06 10:47:20] [INFO] - Starting database build process...
[2025-12-06 10:47:20] [INFO] - Connecting to SQLite database → data/db/invoices_data.db
[2025-12-06 10:47:20] [INFO] - Database connection established.
[2025-12-06 10:47:20] [INFO] - Creating tables (if not exist)...
[2025-12-06 10:47:20] [INFO] - All tables created or already exist.
[2025-12-06 10:47:20] [INFO] - Loading CSV data → data/db/df_invoices_cleaned.csv
[2025-12-06 10:47:21] [INFO] - Loaded 189 rows from CSV.
[2025-12-06 10:47:21] [INFO] - Inserting vendor records...
[2025-12-06 10:47:21] [INFO] - Inserted 26 unique vendors.
[2025-12-06 10:47:21] [INFO] - Inserting customer records...
[2025-12-06 10:47:21] [INFO] - Inserted 52 unique customers.
[2025-12-06 10:47:21] [INFO] - Inserting invoices...
[2025-12-06 10:47:21] [INFO] - Inserted 51 invoices.
[2025-12-06 10:47:21] [INFO] - Inserting line items...
[2025-12-06 10:47:21] [INFO] - Inserted 189 line items.
[2025-12-06 10:47:21] [INFO] - All data committed to database.
[2025-12-06 10:47:21] [INFO] - Database successfully built → data/db/invoices_data.db
[2025-12-06 10:47:21] [INFO] - Data loading process completed.
