[2025-12-05 12:08:20] [INFO] - Loading dataset...
[2025-12-05 12:08:20] [INFO] - Loaded 378 rows in 0.01s
[2025-12-05 12:08:20] [INFO] - Creating train/val/test splits...
[2025-12-05 12:08:20] [INFO] - Train: 241 rows
[2025-12-05 12:08:20] [INFO] - Val:   61 rows
[2025-12-05 12:08:20] [INFO] - Test:  76 rows
[2025-12-05 12:08:20] [INFO] - Splits saved successfully.
[2025-12-05 12:08:20] [INFO] - Loading SentenceTransformer model...
[2025-12-05 12:08:27] [INFO] - Embedder loaded in 6.93s
[2025-12-05 12:08:27] [INFO] - Embedding train descriptions (241 rows)...
[2025-12-05 12:08:27] [INFO] - Embedded train in 0.76s
[2025-12-05 12:08:27] [INFO] - Embedding val descriptions (61 rows)...
[2025-12-05 12:08:27] [INFO] - Embedded val in 0.02s
[2025-12-05 12:08:27] [INFO] - Embedding test descriptions (76 rows)...
[2025-12-05 12:08:27] [INFO] - Embedded test in 0.04s
[2025-12-05 12:08:27] [INFO] - Scaling numeric features...
[2025-12-05 12:08:27] [INFO] - Scaler saved. Scaling completed in 0.01s
[2025-12-05 12:08:27] [INFO] - Combining embeddings with numeric features...
[2025-12-05 12:08:27] [INFO] - Feature combination complete.
[2025-12-05 12:08:27] [INFO] - Training XGBoost model...
[2025-12-05 12:08:28] [INFO] - Training completed in 0.21s
[2025-12-05 12:08:28] [INFO] - Model saved to models/model_xgb.json
[2025-12-05 12:08:28] [INFO] - Evaluating model on test set...
[2025-12-05 12:08:28] [INFO] - Test Accuracy: 0.9474
[2025-12-05 12:08:28] [INFO] - 
Classification Report:
              precision    recall  f1-score   support

           0       0.95      0.86      0.90        22
           1       0.95      0.98      0.96        54

    accuracy                           0.95        76
   macro avg       0.95      0.92      0.93        76
weighted avg       0.95      0.95      0.95        76

[2025-12-05 12:08:28] [INFO] - Evaluation completed in 0.01s
[2025-12-05 12:08:28] [INFO] - Training pipeline completed successfully.
[2025-12-05 12:08:46] [INFO] - Loading dataset...
[2025-12-05 12:08:46] [INFO] - Loaded 378 rows in 0.02s
[2025-12-05 12:08:46] [INFO] - Creating train/val/test splits...
[2025-12-05 12:08:46] [INFO] - Train: 241 rows
[2025-12-05 12:09:40] [INFO] - Val:   61 rows
[2025-12-05 12:09:40] [INFO] - Test:  76 rows
[2025-12-05 12:09:40] [INFO] - Splits saved successfully.
[2025-12-05 12:09:40] [INFO] - Loading SentenceTransformer model...
[2025-12-05 12:09:48] [INFO] - Embedder loaded in 7.88s
[2025-12-05 12:09:48] [INFO] - Embedding train descriptions (241 rows)...
[2025-12-05 12:10:01] [INFO] - Embedded train in 13.24s
[2025-12-05 12:10:01] [INFO] - Embedding val descriptions (61 rows)...
[2025-12-05 12:10:03] [INFO] - Embedded val in 1.35s
[2025-12-05 12:10:03] [INFO] - Embedding test descriptions (76 rows)...
[2025-12-05 12:10:04] [INFO] - Embedded test in 0.87s
[2025-12-05 12:10:04] [INFO] - Scaling numeric features...
[2025-12-05 12:10:04] [INFO] - Scaler saved. Scaling completed in 0.02s
[2025-12-05 12:10:04] [INFO] - Combining embeddings with numeric features...
[2025-12-05 12:10:04] [INFO] - Feature combination complete.
[2025-12-05 12:10:05] [INFO] - Training XGBoost model...
[2025-12-05 12:10:06] [INFO] - Training completed in 0.23s
[2025-12-05 12:10:06] [INFO] - Model saved to models/model_xgb.json
[2025-12-05 12:10:06] [INFO] - Evaluating model on test set...
[2025-12-05 12:10:06] [INFO] - Test Accuracy: 0.9474
[2025-12-05 12:10:06] [INFO] - 
Classification Report:
              precision    recall  f1-score   support

           0       0.95      0.86      0.90        22
           1       0.95      0.98      0.96        54

    accuracy                           0.95        76
   macro avg       0.95      0.92      0.93        76
weighted avg       0.95      0.95      0.95        76

[2025-12-05 12:10:06] [INFO] - Evaluation completed in 0.03s
[2025-12-05 12:10:06] [INFO] - Training pipeline completed successfully.
[2025-12-05 12:41:08] [INFO] - Loading dataset...
[2025-12-05 12:41:08] [INFO] - Loaded 378 rows in 0.02s
[2025-12-05 12:41:08] [INFO] - Creating train/val/test splits...
[2025-12-05 12:41:08] [INFO] - Train: 241 rows
[2025-12-05 12:41:08] [INFO] - Val:   61 rows
[2025-12-05 12:41:08] [INFO] - Test:  76 rows
[2025-12-05 12:41:08] [INFO] - Splits saved successfully.
[2025-12-05 12:41:08] [INFO] - Loading SentenceTransformer model...
[2025-12-05 12:41:18] [INFO] - Embedder loaded in 9.44s
[2025-12-05 12:41:18] [INFO] - Embedding train descriptions (241 rows)...
[2025-12-05 12:41:19] [INFO] - Embedded train in 1.09s
[2025-12-05 12:41:19] [INFO] - Embedding val descriptions (61 rows)...
[2025-12-05 12:41:19] [INFO] - Embedded val in 0.02s
[2025-12-05 12:41:19] [INFO] - Embedding test descriptions (76 rows)...
[2025-12-05 12:41:19] [INFO] - Embedded test in 0.05s
[2025-12-05 12:41:19] [INFO] - Scaling numeric features...
[2025-12-05 12:41:19] [INFO] - Scaler saved. Scaling completed in 0.01s
[2025-12-05 12:41:19] [INFO] - Combining embeddings with numeric features...
[2025-12-05 12:41:19] [INFO] - Feature combination complete.
[2025-12-05 12:41:19] [INFO] - Training XGBoost model...
[2025-12-05 12:41:19] [INFO] - Training completed in 0.27s
[2025-12-05 12:41:19] [INFO] - Model saved to models/model_xgb.json
[2025-12-05 12:41:19] [INFO] - Evaluating model on test set...
[2025-12-05 12:41:19] [INFO] - Test Accuracy: 0.9474
[2025-12-05 12:41:19] [INFO] - 
Classification Report:
              precision    recall  f1-score   support

           0       0.95      0.86      0.90        22
           1       0.95      0.98      0.96        54

    accuracy                           0.95        76
   macro avg       0.95      0.92      0.93        76
weighted avg       0.95      0.95      0.95        76

[2025-12-05 12:41:19] [INFO] - Evaluation completed in 0.02s
[2025-12-05 12:41:19] [INFO] - Training pipeline completed successfully.
[2025-12-05 12:41:36] [INFO] - Loading dataset...
[2025-12-05 12:41:36] [INFO] - Loaded 378 rows in 0.02s
[2025-12-05 12:41:36] [INFO] - Creating train/val/test splits...
[2025-12-05 12:41:36] [INFO] - Train: 241 rows
[2025-12-05 12:41:39] [INFO] - Val:   61 rows
[2025-12-05 12:41:39] [INFO] - Test:  76 rows
[2025-12-05 12:41:39] [INFO] - Splits saved successfully.
[2025-12-05 12:41:39] [INFO] - Loading SentenceTransformer model...
[2025-12-05 12:46:43] [INFO] - Loading dataset...
[2025-12-05 12:49:44] [INFO] - Loading dataset...
[2025-12-05 12:49:44] [INFO] - Loaded 378 rows in 0.01s
[2025-12-05 12:49:44] [INFO] - Creating train/val/test splits...
[2025-12-05 12:49:44] [INFO] - Train: 241 rows
[2025-12-05 12:49:44] [INFO] - Val:   61 rows
[2025-12-05 12:49:44] [INFO] - Test:  76 rows
[2025-12-05 12:49:44] [INFO] - Splits saved successfully.
[2025-12-05 12:49:44] [INFO] - Loading SentenceTransformer model...
[2025-12-05 12:49:52] [INFO] - Embedder loaded in 7.73s
[2025-12-05 12:49:52] [INFO] - Embedding train descriptions (241 rows)...
[2025-12-05 12:49:53] [INFO] - Embedded train in 0.73s
[2025-12-05 12:49:53] [INFO] - Embedding val descriptions (61 rows)...
[2025-12-05 12:49:53] [INFO] - Embedded val in 0.02s
[2025-12-05 12:49:53] [INFO] - Embedding test descriptions (76 rows)...
[2025-12-05 12:49:53] [INFO] - Embedded test in 0.03s
[2025-12-05 12:49:53] [INFO] - Scaling numeric features...
[2025-12-05 12:49:53] [INFO] - Scaler saved. Scaling completed in 0.01s
[2025-12-05 12:49:53] [INFO] - Combining embeddings with numeric features...
[2025-12-05 12:49:53] [INFO] - Feature combination complete.
[2025-12-05 12:49:53] [INFO] - Training XGBoost model...
[2025-12-05 12:49:53] [INFO] - Training completed in 0.23s
[2025-12-05 12:49:53] [INFO] - Model saved to models/model_xgb.json
[2025-12-05 12:49:53] [INFO] - Evaluating model on test set...
[2025-12-05 12:49:53] [INFO] - Test Accuracy: 0.9737
[2025-12-05 12:49:53] [INFO] - 
Classification Report:
              precision    recall  f1-score   support

           0       1.00      0.85      0.92        13
           1       0.97      1.00      0.98        63

    accuracy                           0.97        76
   macro avg       0.98      0.92      0.95        76
weighted avg       0.97      0.97      0.97        76

[2025-12-05 12:49:53] [INFO] - Evaluation completed in 0.01s
[2025-12-05 12:49:53] [INFO] - Training pipeline completed successfully.
[2025-12-05 12:50:31] [INFO] - Loading dataset...
[2025-12-05 12:50:36] [INFO] - Loaded 378 rows in 5.29s
[2025-12-05 12:50:36] [INFO] - Creating train/val/test splits...
[2025-12-05 12:50:36] [INFO] - Train: 241 rows
[2025-12-05 12:50:37] [INFO] - Val:   61 rows
[2025-12-05 12:50:37] [INFO] - Test:  76 rows
[2025-12-05 12:50:37] [INFO] - Splits saved successfully.
[2025-12-05 12:50:37] [INFO] - Loading SentenceTransformer model...
[2025-12-05 12:50:48] [INFO] - Embedder loaded in 10.70s
[2025-12-05 12:50:48] [INFO] - Embedding train descriptions (241 rows)...
[2025-12-05 12:50:51] [INFO] - Embedded train in 3.00s
[2025-12-05 12:50:51] [INFO] - Embedding val descriptions (61 rows)...
[2025-12-05 12:50:52] [INFO] - Embedded val in 0.80s
[2025-12-05 12:50:52] [INFO] - Embedding test descriptions (76 rows)...
[2025-12-05 12:50:55] [INFO] - Embedded test in 2.92s
[2025-12-05 12:50:55] [INFO] - Scaling numeric features...
[2025-12-05 12:50:55] [INFO] - Scaler saved. Scaling completed in 0.03s
[2025-12-05 12:50:55] [INFO] - Combining embeddings with numeric features...
[2025-12-05 12:50:57] [INFO] - Feature combination complete.
[2025-12-05 12:50:58] [INFO] - Training XGBoost model...
[2025-12-05 12:50:59] [INFO] - Training completed in 0.23s
[2025-12-05 12:50:59] [INFO] - Model saved to models/model_xgb.json
[2025-12-05 12:50:59] [INFO] - Evaluating model on test set...
[2025-12-05 12:50:59] [INFO] - Test Accuracy: 0.9737
[2025-12-05 12:50:59] [INFO] - 
Classification Report:
              precision    recall  f1-score   support

           0       1.00      0.85      0.92        13
           1       0.97      1.00      0.98        63

    accuracy                           0.97        76
   macro avg       0.98      0.92      0.95        76
weighted avg       0.97      0.97      0.97        76

[2025-12-05 12:50:59] [INFO] - Evaluation completed in 0.03s
[2025-12-05 12:50:59] [INFO] - Training pipeline completed successfully.
[2025-12-05 14:44:23] [INFO] - Loading dataset...
[2025-12-05 14:44:31] [INFO] - Loaded 378 rows in 7.58s
[2025-12-05 14:44:31] [INFO] - Creating train/val/test splits...
[2025-12-05 14:44:31] [INFO] - Train: 241 rows
[2025-12-05 14:51:11] [INFO] - Loading dataset...
[2025-12-05 15:01:06] [INFO] - Loading dataset...
[2025-12-05 15:01:06] [INFO] - Loaded 567 rows in 0.02s
[2025-12-05 15:01:06] [INFO] - Creating train/val/test splits...
[2025-12-05 15:01:06] [INFO] - Train: 362 rows
[2025-12-05 15:01:06] [INFO] - Val:   91 rows
[2025-12-05 15:01:06] [INFO] - Test:  114 rows
[2025-12-05 15:01:06] [INFO] - Splits saved successfully.
[2025-12-05 15:01:06] [INFO] - Loading SentenceTransformer model...
[2025-12-05 15:01:14] [INFO] - Embedder loaded in 8.10s
[2025-12-05 15:01:14] [INFO] - Embedding train descriptions (362 rows)...
[2025-12-05 15:01:15] [INFO] - Embedded train in 0.96s
[2025-12-05 15:01:15] [INFO] - Embedding val descriptions (91 rows)...
[2025-12-05 15:01:15] [INFO] - Embedded val in 0.03s
[2025-12-05 15:01:15] [INFO] - Embedding test descriptions (114 rows)...
[2025-12-05 15:01:15] [INFO] - Embedded test in 0.03s
[2025-12-05 15:01:15] [INFO] - Scaling numeric features...
[2025-12-05 15:01:15] [INFO] - Scaler saved. Scaling completed in 0.01s
[2025-12-05 15:01:15] [INFO] - Combining embeddings with numeric features...
[2025-12-05 15:01:15] [INFO] - Feature combination complete.
[2025-12-05 15:01:15] [INFO] - Training XGBoost model...
[2025-12-05 15:01:16] [INFO] - Training completed in 0.24s
[2025-12-05 15:01:16] [INFO] - Model saved to models/model_xgb.json
[2025-12-05 15:01:16] [INFO] - Evaluating model on test set...
[2025-12-05 15:01:16] [INFO] - Test Accuracy: 0.9737
[2025-12-05 15:01:16] [INFO] - 
Classification Report:
              precision    recall  f1-score   support

           0       1.00      0.84      0.91        19
           1       0.97      1.00      0.98        95

    accuracy                           0.97       114
   macro avg       0.98      0.92      0.95       114
weighted avg       0.97      0.97      0.97       114

[2025-12-05 15:01:16] [INFO] - Evaluation completed in 0.01s
[2025-12-05 15:01:16] [INFO] - Training pipeline completed successfully.
[2025-12-05 15:23:53] [INFO] - Loading dataset...
[2025-12-05 15:24:14] [INFO] - Loaded 756 rows in 20.95s
[2025-12-05 15:24:14] [INFO] - Creating train/val/test splits...
[2025-12-05 15:24:14] [INFO] - Train: 483 rows
[2025-12-05 15:24:16] [INFO] - Val:   121 rows
[2025-12-05 15:24:16] [INFO] - Test:  152 rows
[2025-12-05 15:24:18] [INFO] - Splits saved successfully.
[2025-12-05 15:24:18] [INFO] - Loading SentenceTransformer model...
[2025-12-05 15:24:26] [INFO] - Embedder loaded in 7.62s
[2025-12-05 15:24:26] [INFO] - Embedding train descriptions (483 rows)...
[2025-12-05 15:35:39] [INFO] - Loading dataset...
[2025-12-05 15:36:15] [INFO] - Loaded 945 rows in 35.39s
[2025-12-05 15:36:15] [INFO] - Creating train/val/test splits...
[2025-12-05 15:36:15] [INFO] - Train: 604 rows
[2025-12-05 15:36:16] [INFO] - Val:   152 rows
[2025-12-05 15:36:16] [INFO] - Test:  189 rows
[2025-12-05 15:36:17] [INFO] - Splits saved successfully.
[2025-12-05 15:36:17] [INFO] - Loading SentenceTransformer model...
[2025-12-05 15:36:24] [INFO] - Embedder loaded in 7.08s
[2025-12-05 15:36:24] [INFO] - Embedding train descriptions (604 rows)...
[2025-12-05 15:36:25] [INFO] - Embedded train in 0.83s
[2025-12-05 15:36:25] [INFO] - Embedding val descriptions (152 rows)...
[2025-12-05 15:36:25] [INFO] - Embedded val in 0.04s
[2025-12-05 15:36:25] [INFO] - Embedding test descriptions (189 rows)...
[2025-12-05 15:36:25] [INFO] - Embedded test in 0.04s
[2025-12-05 15:36:25] [INFO] - Scaling numeric features...
[2025-12-05 15:36:25] [INFO] - Scaler saved. Scaling completed in 0.02s
[2025-12-05 15:36:25] [INFO] - Combining embeddings with numeric features...
[2025-12-05 15:36:28] [INFO] - Feature combination complete.
[2025-12-05 15:36:29] [INFO] - Training XGBoost model...
[2025-12-05 15:36:29] [INFO] - Training completed in 0.66s
[2025-12-05 15:36:54] [INFO] - Model saved to models/model_xgb.json
[2025-12-05 15:44:32] [INFO] - Loading dataset...
[2025-12-05 15:44:35] [INFO] - Loaded 945 rows in 2.86s
[2025-12-05 15:44:35] [INFO] - Creating group-based train/val/test splits (based on file_name)...
[2025-12-05 15:44:35] [INFO] - Found 51 unique invoice files.
[2025-12-05 15:44:37] [INFO] - Train groups: 40
[2025-12-05 15:44:37] [INFO] - Val groups:   5
[2025-12-05 15:44:37] [INFO] - Test groups:  6
[2025-12-05 15:44:37] [INFO] - Train rows: 765
[2025-12-05 15:44:37] [INFO] - Val rows:   75
[2025-12-05 15:44:37] [INFO] - Test rows:  105
[2025-12-05 15:44:37] [INFO] - Group-based splits saved successfully.
[2025-12-05 15:44:37] [INFO] - Loading SentenceTransformer model...
[2025-12-05 15:44:49] [INFO] - Embedder loaded in 11.61s
[2025-12-05 15:44:49] [INFO] - Embedding train descriptions (765 rows)...
[2025-12-05 15:44:50] [INFO] - Embedded train in 0.94s
[2025-12-05 15:44:50] [INFO] - Embedding val descriptions (75 rows)...
[2025-12-05 15:44:50] [INFO] - Embedded val in 0.05s
[2025-12-05 15:44:50] [INFO] - Embedding test descriptions (105 rows)...
[2025-12-05 15:44:50] [INFO] - Embedded test in 0.04s
[2025-12-05 15:44:50] [INFO] - Scaling numeric features...
[2025-12-05 15:44:52] [INFO] - Scaler saved. Scaling done in 1.87s
[2025-12-05 15:44:56] [INFO] - Combining embeddings with numeric features...
[2025-12-05 15:44:56] [INFO] - Feature combination complete.
[2025-12-05 15:44:56] [INFO] - Training XGBoost model...
[2025-12-05 15:45:03] [INFO] - Training completed in 6.99s
[2025-12-05 15:45:04] [INFO] - Model saved to models/model_xgb.json
[2025-12-05 15:45:04] [INFO] - Training pipeline finished successfully.
[2025-12-05 15:51:06] [INFO] - Loading dataset...
[2025-12-05 15:51:09] [INFO] - Loaded 945 rows in 2.99s
[2025-12-05 15:51:09] [INFO] - Creating group-based train/val/test splits (based on file_name)...
[2025-12-05 15:51:09] [INFO] - Found 51 unique invoice files.
[2025-12-05 15:51:12] [INFO] - Train groups: 40
[2025-12-05 15:51:12] [INFO] - Val groups:   5
[2025-12-05 15:51:12] [INFO] - Test groups:  6
[2025-12-05 15:51:12] [INFO] - Train rows: 765
[2025-12-05 15:51:12] [INFO] - Val rows:   75
[2025-12-05 15:51:12] [INFO] - Test rows:  105
[2025-12-05 15:51:12] [INFO] - Group-based splits saved successfully.
[2025-12-05 15:51:12] [INFO] - Loading SentenceTransformer model...
[2025-12-05 15:51:21] [INFO] - Embedder loaded in 9.33s
[2025-12-05 15:51:21] [INFO] - Embedding train descriptions (765 rows)...
[2025-12-05 15:51:22] [INFO] - Embedded train in 0.88s
[2025-12-05 15:51:22] [INFO] - Embedding val descriptions (75 rows)...
[2025-12-05 15:51:22] [INFO] - Embedded val in 0.05s
[2025-12-05 15:51:22] [INFO] - Embedding test descriptions (105 rows)...
[2025-12-05 15:51:22] [INFO] - Embedded test in 0.04s
[2025-12-05 15:51:22] [INFO] - Scaling numeric features...
[2025-12-05 15:51:25] [INFO] - Scaler saved. Scaling done in 2.96s
[2025-12-05 15:51:26] [INFO] - Combining embeddings with numeric features...
[2025-12-05 15:51:26] [INFO] - Feature combination complete.
[2025-12-05 15:51:26] [INFO] - Training XGBoost model...
[2025-12-05 15:51:28] [INFO] - Training completed in 1.83s
[2025-12-05 15:51:29] [INFO] - Model saved to models/model_xgb.json
[2025-12-05 15:51:29] [INFO] - Training pipeline finished successfully.
[2025-12-06 10:47:29] [INFO] - Loading dataset...
[2025-12-06 10:47:30] [INFO] - Loaded 1,134 rows in 0.94s
[2025-12-06 10:47:30] [INFO] - Creating group-based train/val/test splits (based on file_name)...
[2025-12-06 10:47:30] [INFO] - Found 51 unique invoice files.
[2025-12-06 10:47:31] [INFO] - Train groups: 40
[2025-12-06 10:47:31] [INFO] - Val groups:   5
[2025-12-06 10:47:31] [INFO] - Test groups:  6
[2025-12-06 10:47:31] [INFO] - Train rows: 918
[2025-12-06 10:47:31] [INFO] - Val rows:   90
[2025-12-06 10:47:31] [INFO] - Test rows:  126
[2025-12-06 10:47:31] [INFO] - Group-based splits saved successfully.
[2025-12-06 10:47:31] [INFO] - Loading SentenceTransformer model...
[2025-12-06 10:47:39] [INFO] - Embedder loaded in 7.52s
[2025-12-06 10:47:39] [INFO] - Embedding train descriptions (918 rows)...
[2025-12-06 10:47:40] [INFO] - Embedded train in 0.99s
[2025-12-06 10:47:40] [INFO] - Embedding val descriptions (90 rows)...
[2025-12-06 10:47:40] [INFO] - Embedded val in 0.03s
[2025-12-06 10:47:40] [INFO] - Embedding test descriptions (126 rows)...
[2025-12-06 10:47:40] [INFO] - Embedded test in 0.04s
[2025-12-06 10:47:40] [INFO] - Scaling numeric features...
[2025-12-06 10:47:42] [INFO] - Scaler saved. Scaling done in 2.06s
[2025-12-06 10:47:43] [INFO] - Combining embeddings with numeric features...
[2025-12-06 10:47:43] [INFO] - Feature combination complete.
[2025-12-06 10:47:43] [INFO] - Training XGBoost model...
[2025-12-06 10:47:44] [INFO] - Training completed in 0.70s
[2025-12-06 10:47:45] [INFO] - Model saved to models/model_xgb.json
[2025-12-06 10:47:45] [INFO] - Training pipeline finished successfully.
